FREQ=HOURLY; INTERVAL=4
  Sun 15-MAR-2026 13:00
  Sun 15-MAR-2026 17:00
  Sun 15-MAR-2026 21:00
FREQ=WEEKLY; BYDAY=MON,FRI; BYHOUR=6; BYMINUTE=0
  Mon 16-MAR-2026 06:00
  Fri 20-MAR-2026 06:00
  Mon 23-MAR-2026 06:00
FREQ=MONTHLY; BYMONTHDAY=-1; BYHOUR=23
  Tue 31-MAR-2026 23:00
  Thu 30-APR-2026 23:00
  Sun 31-MAY-2026 23:00
FREQ=MONTHLY; BYDAY=1SUN; BYHOUR=4
  Sun 05-APR-2026 04:00
  Sun 03-MAY-2026 04:00
  Sun 07-JUN-2026 04:00
FREQ=YEARLY; BYDATE=0101,0701; BYHOUR=0
  Wed 01-JUL-2026 00:00
  Fri 01-JAN-2027 00:00
  Thu 01-JUL-2027 00:00

PL/SQL procedure successfully completed.
